Copyright 1986-2022 Xilinx, Inc. All Rights Reserved. Copyright 2022-2025 Advanced Micro Devices, Inc. All Rights Reserved.
---------------------------------------------------------------------------------------------------------------------------------------------
| Tool Version : Vivado v.2025.1 (win64) Build 6140274 Thu May 22 00:12:29 MDT 2025
| Date         : Thu Oct  8 21:10:26 2026
| Host         : Joshua running 64-bit major release  (build 9200)
| Command      : report_utilization -file little_logic_utilization_synth.rpt -pb little_logic_utilization_synth.pb
| Design       : little_logic
| Device       : xc7a35tcpg236-1
| Speed File   : -1
| Design State : Synthesized
---------------------------------------------------------------------------------------------------------------------------------------------

Utilization Design Information

Table of Contents
-----------------
1. Slice Logic
1.1 Summary of Registers by Type
2. Memory
3. DSP
4. IO and GT Specific
5. Clocking
6. Specific Feature
7. Primitives
8. Black Boxes
9. Instantiated Netlists

1. Slice Logic
--------------

+-------------------------+------+-------+------------+-----------+-------+
|        Site Type        | Used | Fixed | Prohibited | Available | Util% |
+-------------------------+------+-------+------------+-----------+-------+
| Slice LUTs*             |    1 |     0 |          0 |     20800 | <0.01 |
|   LUT as Logic          |    1 |     0 |          0 |     20800 | <0.01 |
|   LUT as Memory         |    0 |     0 |          0 |      9600 |  0.00 |
| Slice Registers         |    1 |     0 |          0 |     41600 | <0.01 |
|   Register as Flip Flop |    1 |     0 |          0 |     41600 | <0.01 |
|   Register as Latch     |    0 |     0 |          0 |     41600 |  0.00 |
| F7 Muxes                |    0 |     0 |          0 |     16300 |  0.00 |
| F8 Muxes                |    0 |     0 |          0 |      8150 |  0.00 |
+-------------------------+------+-------+------------+-----------+-------+

1.1 Summary of Registers by Type
--------------------------------

+-------+--------------+-------------+--------------+
| Total | Clock Enable | Synchronous | Asynchronous |
+-------+--------------+-------------+--------------+
| 1     |          Yes |       Reset |            - |
+-------+--------------+-------------+--------------+

2. Memory
---------

+----------------+------+-------+------------+-----------+-------+
|    Site Type   | Used | Fixed | Prohibited | Available | Util% |
+----------------+------+-------+------------+-----------+-------+
| Block RAM Tile |    0 |     0 |          0 |        50 |  0.00 |
+----------------+------+-------+------------+-----------+-------+

3. DSP
------

+-----------+------+-------+------------+-----------+-------+
| Site Type | Used | Fixed | Prohibited | Available | Util% |
+-----------+------+-------+------------+-----------+-------+
| DSPs      |    0 |     0 |          0 |        90 |  0.00 |
+-----------+------+-------+------------+-----------+-------+

4. IO and GT Specific
---------------------

+-------------+------+-------+------------+-----------+-------+
|  Site Type  | Used | Fixed | Prohibited | Available | Util% |
+-------------+------+-------+------------+-----------+-------+
| Bonded IOB  |    4 |     0 |          0 |       106 |  3.77 |
+-------------+------+-------+------------+-----------+-------+

5. Clocking
-----------

+----------+------+-------+------------+-----------+-------+
| Site Type| Used | Fixed | Prohibited | Available | Util% |
+----------+------+-------+------------+-----------+-------+
| BUFGCTRL |    1 |     0 |          0 |        32 |  3.13 |
+----------+------+-------+------------+-----------+-------+

7. Primitives
-------------

+----------+------+---------------------+
| Ref Name | Used | Functional Category |
+----------+------+---------------------+
| IBUF     |    3 |                  IO |
| OBUF     |    1 |                  IO |
| LUT2     |    1 |                 LUT |
| FDRE     |    1 |        Flop & Latch |
| BUFG     |    1 |               Clock |
+----------+------+---------------------+

8. Black Boxes
--------------

+----------+------+
| Ref Name | Used |
+----------+------+

9. Instantiated Netlists
------------------------

+----------+------+
| Ref Name | Used |
+----------+------+
